// Jest Snapshot v1, https://goo.gl/fbAQLP

exports[`<List /> should a list of articles 1`] = `
e {
  "attributes": Object {
    "items": Array [
      Object {
        "time_ago": "1 minute ago",
        "title": "post 1",
      },
      Object {
        "time_ago": "2 minutes ago",
        "title": "post 2",
      },
      Object {
        "time_ago": "3 minutes ago",
        "title": "post 3",
      },
    ],
  },
  "children": Array [],
  "key": undefined,
  "nodeName": [Function],
}
`;
